<html>
<body>
<pre>
<h1>礦ision Build Log</h1>
<h2>Tool Versions:</h2>
IDE-Version: μVision V5.14.0.0
Copyright (C) 2015 ARM Ltd and ARM Germany GmbH. All rights reserved.
License Information: 11 ASUS, 22, LIC=GE756-DW4PF-HQL0I-T1FER-ITF5A-ZV3DG
 
Tool Versions:
Toolchain:       MDK-ARM Professional  Version: 5.14.0.0
Toolchain Path:  C:\Work\keil5\ARM\ARMCC\Bin
C Compiler:      Armcc.exe V5.05 update 1 (build 106)
Assembler:       Armasm.exe V5.05 update 1 (build 106)
Linker/Locator:  ArmLink.exe V5.05 update 1 (build 106)
Library Manager: ArmAr.exe V5.05 update 1 (build 106)
Hex Converter:   FromElf.exe V5.05 update 1 (build 106)
CPU DLL:         SARMCM3.DLL V5.14.0.0
Dialog DLL:      DARMSTM.DLL V1.65.0.0
Target DLL:      STLink\ST-LINKIII-KEIL_SWO.dll V2.0.14.0_KEIL
Dialog DLL:      TARMSTM.DLL V1.64.0.0
 
<h2>Project:</h2>
C:\Users\ASUS\Desktop\car\实验0-1 Template工程模板-新建工程章节使用\实验0-1 Template工程模板-新建工程章节使用\USER\Template.uvprojx
Project File Date:  01/20/2021

<h2>Output:</h2>
Build target 'Template'
assembling startup_stm32f10x_hd.s...
linking...
Program Size: Code=1460 RO-data=336 RW-data=8 ZI-data=2344  
FromELF: creating hex file...
"..\OBJ\Template.axf" - 0 Error(s), 0 Warning(s).

<h2>Collection of Component include folders:</h2>
  C:\Users\ASUS\Desktop\car\实验0-1 Template工程模板-新建工程章节使用\实验0-1 Template工程模板-新建工程章节使用\USER\RTE
  C:\Work\keil5\ARM\PACK\Keil\STM32F1xx_DFP\1.0.5\Device\Include

<h2>Collection of Component Files used:</h2>
</pre>
</body>
</html>
